
> hrms-frontend@0.0.0 build
> ng build

[33mΓ¥»[39m Building...
[32mΓ£ö[39m Building...
Application bundle generation failed. [7.476 seconds]

node.exe : 
[1m[31m[31mX [41;31
m[[41;97mERROR[41;31m
][0m [1mNG5002: 
Opening tag "div" not 
terminated.[0m 
[1m[35m[plugin 
angular-compiler][0m
At line:1 char:1
+ & "C:\Program 
Files\nodejs/node.exe" 
"C:\Users\Nikhil\AppDat
a\Roaming ...
+ ~~~~~~~~~~~~~~~~~~~~~
~~~~~~~~~~~~~~~~~~~~~~~
~~~~~~~~~~~~~~~~~~~~~~~
~~
    + CategoryInfo     
         : NotSpecifi  
  ed: ([1m[31m[31   
 mX...r-compiler][    
0m:String) [], Rem    
oteException
    + FullyQualifiedEr 
   rorId : NativeComm  
  andError
 

    src/app/features/au
th/login/login.componen
t.html:141:28:
[37m      141 Γöé     
                       
 [32m<div[37m
          Γò╡          
                   
[32m~~~~[0m

  Error occurs in the 
template of component 
LoginComponent.

    src/app/features/au
th/login/login.componen
t.ts:15:15:
[37m      15 Γöé   
templateUrl: [32m'./lo
gin.component.html'[37
m,
         Γò╡           
     [32m~~~~~~~~~~~~~
~~~~~~~~~~~[0m


[31mX [41;31m[[41;97
mERROR[41;31m][0m 
[1mNG5002: Unexpected 
closing tag "div". It 
may happen when the 
tag has already been 
closed by another tag. 
For more info see https
://www.w3.org/TR/html5/
syntax.html#closing-ele
ments-that-have-implied
-end-tags[0m 
[1m[35m[plugin 
angular-compiler][0m

    src/app/features/au
th/login/login.componen
t.html:199:24:
[37m      199 Γöé     
                    
[32m</div>[37m
          Γò╡          
               
[32m~~~~~~[0m

  Error occurs in the 
template of component 
LoginComponent.

    src/app/features/au
th/login/login.componen
t.ts:15:15:
[37m      15 Γöé   
templateUrl: [32m'./lo
gin.component.html'[37
m,
         Γò╡           
     [32m~~~~~~~~~~~~~
~~~~~~~~~~~[0m


[31mX [41;31m[[41;97
mERROR[41;31m][0m 
[1mNG5002: Unexpected 
closing tag "div". It 
may happen when the 
tag has already been 
closed by another tag. 
For more info see https
://www.w3.org/TR/html5/
syntax.html#closing-ele
ments-that-have-implied
-end-tags[0m 
[1m[35m[plugin 
angular-compiler][0m

    src/app/features/au
th/login/login.componen
t.html:222:16:
[37m      222 Γöé     
            
[32m</div>[37m
          Γò╡          
       [32m~~~~~~[0m

  Error occurs in the 
template of component 
LoginComponent.

    src/app/features/au
th/login/login.componen
t.ts:15:15:
[37m      15 Γöé   
templateUrl: [32m'./lo
gin.component.html'[37
m,
         Γò╡           
     [32m~~~~~~~~~~~~~
~~~~~~~~~~~[0m


[31mX [41;31m[[41;97
mERROR[41;31m][0m 
[1mNG5002: Unexpected 
closing tag "form". It 
may happen when the 
tag has already been 
closed by another tag. 
For more info see https
://www.w3.org/TR/html5/
syntax.html#closing-ele
ments-that-have-implied
-end-tags[0m 
[1m[35m[plugin 
angular-compiler][0m

    src/app/features/au
th/login/login.componen
t.html:262:14:
[37m      262 Γöé     
          
[32m</form>[37m
          Γò╡          
     [32m~~~~~~~[0m

  Error occurs in the 
template of component 
LoginComponent.

    src/app/features/au
th/login/login.componen
t.ts:15:15:
[37m      15 Γöé   
templateUrl: [32m'./lo
gin.component.html'[37
m,
         Γò╡           
     [32m~~~~~~~~~~~~~
~~~~~~~~~~~[0m


[31mX [41;31m[[41;97
mERROR[41;31m][0m 
[1mNG5002: Unexpected 
closing block. The 
block may have been 
closed earlier. If you 
meant to write the } 
character, you should 
use the "&#125;" HTML 
entity instead.[0m 
[1m[35m[plugin 
angular-compiler][0m

    src/app/features/au
th/login/login.componen
t.html:263:12:
[37m      263 Γöé     
        [32m}[37m 
@else {
          Γò╡          
   [32m^[0m

  Error occurs in the 
template of component 
LoginComponent.

    src/app/features/au
th/login/login.componen
t.ts:15:15:
[37m      15 Γöé   
templateUrl: [32m'./lo
gin.component.html'[37
m,
         Γò╡           
     [32m~~~~~~~~~~~~~
~~~~~~~~~~~[0m


[31mX [41;31m[[41;97
mERROR[41;31m][0m 
[1mNG5002: Unexpected 
closing tag "div". It 
may happen when the 
tag has already been 
closed by another tag. 
For more info see https
://www.w3.org/TR/html5/
syntax.html#closing-ele
ments-that-have-implied
-end-tags[0m 
[1m[35m[plugin 
angular-compiler][0m

    src/app/features/au
th/login/login.componen
t.html:322:0:
[37m      322 Γöé 
[32m</div>[37m
          Γò╡ 
[32m~~~~~~[0m

  Error occurs in the 
template of component 
LoginComponent.

    src/app/features/au
th/login/login.componen
t.ts:15:15:
[37m      15 Γöé   
templateUrl: [32m'./lo
gin.component.html'[37
m,
         Γò╡           
     [32m~~~~~~~~~~~~~
~~~~~~~~~~~[0m


[31mX [41;31m[[41;97
mERROR[41;31m][0m 
[1mNG5002: Opening 
tag "div" not 
terminated.[0m 
[1m[35m[plugin 
angular-compiler][0m

    src/app/features/au
th/signup/signup.compon
ent.html:135:22:
[37m      135 Γöé     
                  
[32m<div[37m
          Γò╡          
             
[32m~~~~[0m

  Error occurs in the 
template of component 
SignupComponent.

    src/app/features/au
th/signup/signup.compon
ent.ts:13:15:
[37m      13 Γöé   
templateUrl: [32m'./si
gnup.component.html'[3
7m,
         Γò╡           
     [32m~~~~~~~~~~~~~
~~~~~~~~~~~~[0m


[31mX [41;31m[[41;97
mERROR[41;31m][0m 
[1mNG5002: Unexpected 
closing tag "div". It 
may happen when the 
tag has already been 
closed by another tag. 
For more info see https
://www.w3.org/TR/html5/
syntax.html#closing-ele
ments-that-have-implied
-end-tags[0m 
[1m[35m[plugin 
angular-compiler][0m

    src/app/features/au
th/signup/signup.compon
ent.html:194:14:
[37m      194 Γöé     
          
[32m</div>[37m
          Γò╡          
     [32m~~~~~~[0m

  Error occurs in the 
template of component 
SignupComponent.

    src/app/features/au
th/signup/signup.compon
ent.ts:13:15:
[37m      13 Γöé   
templateUrl: [32m'./si
gnup.component.html'[3
7m,
         Γò╡           
     [32m~~~~~~~~~~~~~
~~~~~~~~~~~~[0m


[31mX [41;31m[[41;97
mERROR[41;31m][0m 
[1mNG5002: Unexpected 
closing tag "form". It 
may happen when the 
tag has already been 
closed by another tag. 
For more info see https
://www.w3.org/TR/html5/
syntax.html#closing-ele
ments-that-have-implied
-end-tags[0m 
[1m[35m[plugin 
angular-compiler][0m

    src/app/features/au
th/signup/signup.compon
ent.html:252:12:
[37m      252 Γöé     
        
[32m</form>[37m
          Γò╡          
   [32m~~~~~~~[0m

  Error occurs in the 
template of component 
SignupComponent.

    src/app/features/au
th/signup/signup.compon
ent.ts:13:15:
[37m      13 Γöé   
templateUrl: [32m'./si
gnup.component.html'[3
7m,
         Γò╡           
     [32m~~~~~~~~~~~~~
~~~~~~~~~~~~[0m


[31mX [41;31m[[41;97
mERROR[41;31m][0m 
[1mNG5002: Unexpected 
closing block. The 
block may have been 
closed earlier. If you 
meant to write the } 
character, you should 
use the "&#125;" HTML 
entity instead.[0m 
[1m[35m[plugin 
angular-compiler][0m

    src/app/features/au
th/signup/signup.compon
ent.html:253:10:
[37m      253 Γöé     
      [32m}[37m
          Γò╡          
 [32m^[0m

  Error occurs in the 
template of component 
SignupComponent.

    src/app/features/au
th/signup/signup.compon
ent.ts:13:15:
[37m      13 Γöé   
templateUrl: [32m'./si
gnup.component.html'[3
7m,
         Γò╡           
     [32m~~~~~~~~~~~~~
~~~~~~~~~~~~[0m


[31mX [41;31m[[41;97
mERROR[41;31m][0m 
[1mNG5002: Unexpected 
closing tag "div". It 
may happen when the 
tag has already been 
closed by another tag. 
For more info see https
://www.w3.org/TR/html5/
syntax.html#closing-ele
ments-that-have-implied
-end-tags[0m 
[1m[35m[plugin 
angular-compiler][0m

    src/app/features/au
th/signup/signup.compon
ent.html:269:0:
[37m      269 Γöé 
[32m</div>[37m
          Γò╡ 
[32m~~~~~~[0m

  Error occurs in the 
template of component 
SignupComponent.

    src/app/features/au
th/signup/signup.compon
ent.ts:13:15:
[37m      13 Γöé   
templateUrl: [32m'./si
gnup.component.html'[3
7m,
         Γò╡           
     [32m~~~~~~~~~~~~~
~~~~~~~~~~~~[0m

[39m[22m
